// Jest Snapshot v1, https://goo.gl/fbAQLP

exports[`PageContent component should render properly 1`] = `
.c2 {
  margin: 0;
  color: inherit;
  font-size: 3.2rem;
  font-weight: 500;
  -webkit-letter-spacing: -0.04rem;
  -moz-letter-spacing: -0.04rem;
  -ms-letter-spacing: -0.04rem;
  letter-spacing: -0.04rem;
  line-height: 4.0rem;
  text-align: initial;
}

.c0 {
  overflow: auto;
  border-radius: 0.8rem;
  background-color: #F7F8F9;
}

.c1 {
  padding: 4rem;
  background-color: #ffffff;
  margin-bottom: 0.8rem;
  border-radius: 0.8rem;
}

.c3 {
  padding: 1rem 4rem;
  background-color: white;
  border-radius: 0.8rem;
}

<div>
  <main
    class="c0"
  >
    <div
      class="c1"
    >
      <h2
        class="c2"
        id="page-title"
      >
        test
      </h2>
    </div>
    <div
      class="c3"
    >
      Demo PageContent
    </div>
  </main>
</div>
`;
